
> nitro@0.1.0 dev
> vite dev

You have specified a baseUrl and/or paths in your tsconfig.json which interferes with SvelteKit's auto-generated tsconfig.json. Remove it to avoid problems with intellisense. For path aliases, use `kit.alias` instead: https://svelte.dev/docs/kit/configuration#alias

  VITE v6.4.3  ready in 1347 ms

  ➜  Local:   http://localhost:1420/

warn - The safelist pattern `/bg-theme-.+/` doesn't match any Tailwind CSS classes.
warn - Fix this pattern or remove it from your `safelist` configuration.
warn - https://tailwindcss.com/docs/content-configuration#safelisting-classes

warn - The safelist pattern `/accent-theme-.+/` doesn't match any Tailwind CSS classes.
warn - Fix this pattern or remove it from your `safelist` configuration.
warn - https://tailwindcss.com/docs/content-configuration#safelisting-classes
1:36:13 PM [vite-plugin-svelte] src/routes/+page.svelte:443:12 A form label must be associated with a control
https://svelte.dev/e/a11y_label_has_associated_control
1:36:13 PM [vite-plugin-svelte] src/routes/+page.svelte:452:14 A form label must be associated with a control
https://svelte.dev/e/a11y_label_has_associated_control
1:36:13 PM [vite-plugin-svelte] src/routes/+page.svelte:466:14 A form label must be associated with a control
https://svelte.dev/e/a11y_label_has_associated_control
1:36:13 PM [vite-plugin-svelte] src/routes/+page.svelte:482:12 A form label must be associated with a control
https://svelte.dev/e/a11y_label_has_associated_control
1:36:13 PM [vite-plugin-svelte] src/routes/+page.svelte:490:12 A form label must be associated with a control
https://svelte.dev/e/a11y_label_has_associated_control
1:36:13 PM [vite-plugin-svelte] src/routes/+page.svelte:522:12 A form label must be associated with a control
https://svelte.dev/e/a11y_label_has_associated_control
1:36:13 PM [vite-plugin-svelte] src/routes/+page.svelte:527:12 A form label must be associated with a control
https://svelte.dev/e/a11y_label_has_associated_control
1:36:13 PM [vite-plugin-svelte] src/routes/+page.svelte:633:147 `<svelte:component>` is deprecated in runes mode — components are dynamic by default
https://svelte.dev/e/svelte_component_deprecated

warn - The safelist pattern `/bg-theme-.+/` doesn't match any Tailwind CSS classes.
warn - Fix this pattern or remove it from your `safelist` configuration.
warn - https://tailwindcss.com/docs/content-configuration#safelisting-classes

warn - The safelist pattern `/accent-theme-.+/` doesn't match any Tailwind CSS classes.
warn - Fix this pattern or remove it from your `safelist` configuration.
warn - https://tailwindcss.com/docs/content-configuration#safelisting-classes
3:57:12 PM [vite] (client) hmr update /src/routes/+page.svelte, /src/app.css
3:57:19 PM [vite] (client) page reload .svelte-kit/generated/client/nodes/0.js
3:57:19 PM [vite] (client) page reload .svelte-kit/generated/client/nodes/1.js
3:57:19 PM [vite] (client) page reload .svelte-kit/generated/client/nodes/2.js
3:57:19 PM [vite] (client) page reload .svelte-kit/generated/client/app.js
3:57:19 PM [vite] (client) page reload .svelte-kit/generated/client/matchers.js
3:57:19 PM [vite] (ssr) page reload .svelte-kit/generated/shared/error-template.js
3:57:19 PM [vite] (ssr) page reload .svelte-kit/generated/server/internal.js
3:57:19 PM [vite] (client) page reload .svelte-kit/generated/root.js
3:57:19 PM [vite] (ssr) page reload .svelte-kit/generated/root.js
4:02:17 PM [vite-plugin-svelte] src/routes/+page.svelte:443:12 A form label must be associated with a control
https://svelte.dev/e/a11y_label_has_associated_control
4:02:17 PM [vite-plugin-svelte] src/routes/+page.svelte:452:14 A form label must be associated with a control
https://svelte.dev/e/a11y_label_has_associated_control
4:02:17 PM [vite-plugin-svelte] src/routes/+page.svelte:466:14 A form label must be associated with a control
https://svelte.dev/e/a11y_label_has_associated_control
4:02:17 PM [vite-plugin-svelte] src/routes/+page.svelte:482:12 A form label must be associated with a control
https://svelte.dev/e/a11y_label_has_associated_control
4:02:17 PM [vite-plugin-svelte] src/routes/+page.svelte:490:12 A form label must be associated with a control
https://svelte.dev/e/a11y_label_has_associated_control
4:02:17 PM [vite-plugin-svelte] src/routes/+page.svelte:522:12 A form label must be associated with a control
https://svelte.dev/e/a11y_label_has_associated_control
4:02:17 PM [vite-plugin-svelte] src/routes/+page.svelte:527:12 A form label must be associated with a control
https://svelte.dev/e/a11y_label_has_associated_control
4:02:17 PM [vite-plugin-svelte] src/routes/+page.svelte:634:147 `<svelte:component>` is deprecated in runes mode — components are dynamic by default
https://svelte.dev/e/svelte_component_deprecated
4:02:17 PM [vite-plugin-svelte] src/routes/+page.svelte:443:12 A form label must be associated with a control
https://svelte.dev/e/a11y_label_has_associated_control
4:02:17 PM [vite-plugin-svelte] src/routes/+page.svelte:452:14 A form label must be associated with a control
https://svelte.dev/e/a11y_label_has_associated_control
4:02:17 PM [vite-plugin-svelte] src/routes/+page.svelte:466:14 A form label must be associated with a control
https://svelte.dev/e/a11y_label_has_associated_control
4:02:17 PM [vite-plugin-svelte] src/routes/+page.svelte:482:12 A form label must be associated with a control
https://svelte.dev/e/a11y_label_has_associated_control
4:02:17 PM [vite-plugin-svelte] src/routes/+page.svelte:490:12 A form label must be associated with a control
https://svelte.dev/e/a11y_label_has_associated_control
4:02:17 PM [vite-plugin-svelte] src/routes/+page.svelte:522:12 A form label must be associated with a control
https://svelte.dev/e/a11y_label_has_associated_control
4:02:17 PM [vite-plugin-svelte] src/routes/+page.svelte:527:12 A form label must be associated with a control
https://svelte.dev/e/a11y_label_has_associated_control
4:02:17 PM [vite-plugin-svelte] src/routes/+page.svelte:634:147 `<svelte:component>` is deprecated in runes mode — components are dynamic by default
https://svelte.dev/e/svelte_component_deprecated
